// Jest Snapshot v1, https://goo.gl/fbAQLP

exports[`renders PokeItem.js correctly 1`] = `
<ul>
  <li>
    <div>
      <p>
        Pokemon: 
        venusaur
      </p>
      <img
        alt=""
        src="http://assets.pokemon.com/assets/cms2/img/pokedex/full/003.png"
      />
      <p>
        Attack: 
        82
      </p>
      <p>
        defense: 
        83
      </p>
      <p>
        HP: 
        80
      </p>
    </div>
  </li>
  <li>
    <div>
      <p>
        Pokemon: 
        bulbasaur
      </p>
      <img
        alt=""
        src="http://assets.pokemon.com/assets/cms2/img/pokedex/full/001.png"
      />
      <p>
        Attack: 
        49
      </p>
      <p>
        defense: 
        49
      </p>
      <p>
        HP: 
        45
      </p>
    </div>
  </li>
  <li>
    <div>
      <p>
        Pokemon: 
        ivysaur
      </p>
      <img
        alt=""
        src="http://assets.pokemon.com/assets/cms2/img/pokedex/full/002.png"
      />
      <p>
        Attack: 
        62
      </p>
      <p>
        defense: 
        63
      </p>
      <p>
        HP: 
        60
      </p>
    </div>
  </li>
  <li>
    <div>
      <p>
        Pokemon: 
        charizard-mega-y
      </p>
      <img
        alt=""
        src="http://assets.pokemon.com/assets/cms2/img/pokedex/full/006_f3.png"
      />
      <p>
        Attack: 
        104
      </p>
      <p>
        defense: 
        78
      </p>
      <p>
        HP: 
        78
      </p>
    </div>
  </li>
</ul>
`;
